
Warning: Module "gd" is already loaded in Unknown on line 0

Warning: Module "gd" is already loaded in Unknown on line 0
PHP Warning:  Module "gd" is already loaded in Unknown on line 0

   FAIL  Tests\Feature\AnalyticsTest
  Γ¿» analyticsΓÇª 3.66s  
  ΓöÇΓöÇΓöÇΓöÇΓöÇΓöÇΓöÇΓöÇΓöÇΓöÇΓöÇΓöÇΓöÇΓöÇΓöÇΓöÇΓöÇΓöÇ  
   FAILED  Tests\FΓÇª   
  Failed asserting that 1000.0 matches expected 100.

  at tests\Feature\AnalyticsTest.php:91
     87Γûò         
     88Γûò         $variantData = $test['variants'][0];
     89Γûò         $this->assertEquals($variant->id, $variantData['id']);
     90Γûò         $this->assertEquals(2, $variantData['orders']); // 2 orders created
  Γ₧£  91Γûò         $this->assertEquals(100, $variantData['aov']); // (100+100)/2
     92Γûò         $this->assertEquals(20, $variantData['total_discount']); // 10+10
     93Γûò         
     94Γûò         $this->assertEquals(1, $variantData['segmentation']['new']);
     95Γûò         $this->assertEquals(1, $variantData['segmentation']['returning']);

  1   tests\Feature\AnalyticsTest.php:91


  Tests:    1 failed (6 assertions)
  Duration: 3.79s

